$ pnpm format:check && pnpm policy:verify && pnpm licenses:verify && pnpm lint && pnpm typecheck && pnpm test && pnpm build && pnpm deploy:verify
$ prettier --check .
Checking formatting...
All matched files use Prettier code style!
$ node scripts/verify-repository-policy.mjs
Verified UI token, CSS ownership, inline-style, and ADR metadata policies (2864/2877 global CSS lines).
$ node scripts/generate-third-party-licenses.mjs --check
Verified 121 production dependency notices.
$ oxlint --deny-warnings apps packages e2e e2e-live playwright.config.ts playwright.live.config.ts
$ pnpm -r typecheck
Scope: 2 of 3 workspace projects
packages/client typecheck$ tsc --noEmit -p tsconfig.json
packages/client typecheck: Done
apps/web typecheck$ tsc --noEmit -p tsconfig.json
apps/web typecheck: Done
$ pnpm -r test
Scope: 2 of 3 workspace projects
packages/client test$ vitest run
packages/client test:  RUN  v5.0.0 /home/shu/kamico/octos/octoscode-web/packages/client
packages/client test:  Test Files  11 passed (11)
packages/client test:       Tests  83 passed (83)
packages/client test:    Start at  04:17:32
packages/client test:    Duration  354ms (transform 71%, import 20%, tests 7%, worker 2%)
packages/client test: Done
apps/web test$ vitest run
apps/web test:  RUN  v5.0.0 /home/shu/kamico/octos/octoscode-web/apps/web
apps/web test:  Test Files  58 passed (58)
apps/web test:       Tests  383 passed (383)
apps/web test:    Start at  04:17:33
apps/web test:    Duration  3.70s (transform 81%, tests 9%, import 9%, worker 1%)
apps/web test:   Transform  transforming modules took 31.89s · 81% of tracked time, re-done on every run
apps/web test:              persist transforms across runs with fsModuleCache: true
apps/web test:              learn more: https://vitest.dev/guide/improving-performance#caching-between-reruns
apps/web test: Done
$ pnpm --filter @octos-org/octoscode-web build
$ vite build
vite v8.2.2 building client environment for production...
transforming...
✓ 455 modules transformed.
rendering chunks...
computing gzip size...
dist/octoscode-web-build.json                         1.55 kB │ gzip:  0.65 kB
dist/index.html                                       2.70 kB │ gzip:  0.83 kB
dist/assets/OctopusLogo-DzjWLOv6.css                  0.10 kB │ gzip:  0.09 kB
dist/assets/DiffReviewDialog-D7BJjCFc.css             0.34 kB │ gzip:  0.20 kB
dist/assets/UserQuestionPanel-Vl5j906m.css            0.41 kB │ gzip:  0.27 kB
dist/assets/Skeleton-BAcgBIXB.css                     0.55 kB │ gzip:  0.29 kB
dist/assets/TurnRecoveryNotice-yLqEXYui.css           0.70 kB │ gzip:  0.33 kB
dist/assets/TaskDetailDialog-eggLTBNC.css             0.83 kB │ gzip:  0.35 kB
dist/assets/PromptComposer-BRd-dS4p.css               1.02 kB │ gzip:  0.52 kB
dist/assets/GeneralSettingsContent-Bg063p8p.css       1.31 kB │ gzip:  0.56 kB
dist/assets/LeaveConnectionDialog-CgcEjlYh.css        1.90 kB │ gzip:  0.71 kB
dist/assets/SavedSessionLinkPanel-BPxEhAj5.css        2.30 kB │ gzip:  0.77 kB
dist/assets/SettingsDialog-CkTGS9pb.css               3.13 kB │ gzip:  0.99 kB
dist/assets/LaunchDecisionPanel-BdRlnRvi.css          3.22 kB │ gzip:  1.00 kB
dist/assets/SessionTrajectory-BD4WSdaO.css            3.71 kB │ gzip:  1.06 kB
dist/assets/MarkdownBody-6NbzM7fL.css                 3.95 kB │ gzip:  1.22 kB
dist/assets/Timeline-DfsPtxe4.css                     4.00 kB │ gzip:  1.15 kB
dist/assets/ProductSettings-Bh9TolYX.css              5.52 kB │ gzip:  1.45 kB
dist/assets/SessionControlBar-CjVOyEMD.css            6.53 kB │ gzip:  1.77 kB
dist/assets/NewSessionWorkspacePicker-CG09mVVq.css    7.84 kB │ gzip:  1.93 kB
dist/assets/ModelManagementSettings-DC_Cio-t.css     12.31 kB │ gzip:  2.71 kB
dist/assets/SessionSidebar-DnihiQg1.css              15.08 kB │ gzip:  3.13 kB
dist/assets/index-ZmDWuHGN.css                       66.40 kB │ gzip: 11.23 kB
dist/assets/request-authority-BO7mG4ZU.js             0.32 kB │ gzip:  0.21 kB
dist/assets/Skeleton-C1q-xd3-.js                      0.32 kB │ gzip:  0.23 kB
dist/assets/selection-policy-NXICaHp5.js              0.33 kB │ gzip:  0.20 kB
dist/assets/OctopusLogo-DGGVZGzG.js                   0.59 kB │ gzip:  0.40 kB
dist/assets/rolldown-runtime-hePW80VL.js              0.71 kB │ gzip:  0.42 kB
dist/assets/session-BJHpX2mY.js                       1.01 kB │ gzip:  0.44 kB
dist/assets/preload-helper-Czpn1I53.js                1.19 kB │ gzip:  0.67 kB
dist/assets/TurnRecoveryNotice-pKHT_tjC.js            1.21 kB │ gzip:  0.63 kB
dist/assets/LeaveConnectionDialog-Cw5wDpAk.js         1.26 kB │ gzip:  0.65 kB
dist/assets/ProductSettings.module-DLln2XG2.js        1.41 kB │ gzip:  0.50 kB
dist/assets/model-Bfy5TyT3.js                         2.04 kB │ gzip:  0.83 kB
dist/assets/SavedSessionLinkPanel-C9obKBaX.js         2.05 kB │ gzip:  0.79 kB
dist/assets/hydrate-KBZ1Q-74.js                       2.06 kB │ gzip:  0.80 kB
dist/assets/saved-session-link-NQARjAJt.js            2.13 kB │ gzip:  1.00 kB
dist/assets/registry-CKYrhWqL.js                      2.27 kB │ gzip:  0.96 kB
dist/assets/SettingsDialog-Bf-D9OR7.js                2.28 kB │ gzip:  0.94 kB
dist/assets/execute-local-command-CPPPv0K2.js         2.30 kB │ gzip:  1.13 kB
dist/assets/ApprovalPanel-DesqPZNv.js                 2.39 kB │ gzip:  0.91 kB
dist/assets/ModalSurface-DCamhzFt.js                  2.41 kB │ gzip:  1.19 kB
dist/assets/coding-Bg1VHuo1.js                        2.46 kB │ gzip:  0.83 kB
dist/assets/UserQuestionPanel-DlzbgVIS.js             2.46 kB │ gzip:  1.02 kB
dist/assets/json-qhed-kSA.js                          2.81 kB │ gzip:  0.77 kB
dist/assets/workspace-BIDuL5Lo.js                     2.87 kB │ gzip:  1.00 kB
dist/assets/Icon-CUHQs5hh.js                          3.04 kB │ gzip:  1.01 kB
dist/assets/workspace-recents-ClR4qUB7.js             3.09 kB │ gzip:  1.35 kB
dist/assets/TaskDetailDialog-YiAtn9AD.js              3.26 kB │ gzip:  1.12 kB
dist/assets/ModelsSettingsContent-bDyPEyPX.js         3.50 kB │ gzip:  1.28 kB
dist/assets/use-onboarding-BvJRmpwr.js                3.55 kB │ gzip:  1.39 kB
dist/assets/SessionTrajectory-DkhOEFPI.js             3.68 kB │ gzip:  1.12 kB
dist/assets/DiffReviewDialog-DqXz0Eqq.js              3.92 kB │ gzip:  1.35 kB
dist/assets/PromptComposer-D5BmjUPw.js                4.06 kB │ gzip:  1.79 kB
dist/assets/onboarding-ChjiwthQ.js                    4.25 kB │ gzip:  1.31 kB
dist/assets/Timeline-BAEBDTa3.js                      5.06 kB │ gzip:  1.86 kB
dist/assets/GeneralSettingsContent-BI5BIXdc.js        5.40 kB │ gzip:  1.77 kB
dist/assets/toml-CcmNWLt0.js                          6.41 kB │ gzip:  1.28 kB
dist/assets/supervision-C0HrtV0N.js                   6.60 kB │ gzip:  1.93 kB
dist/assets/NewSessionWorkspacePicker-Bt1OD8s5.js     7.59 kB │ gzip:  2.54 kB
dist/assets/LaunchDecisionPanel-Cr6SC8sk.js           7.86 kB │ gzip:  2.45 kB
dist/assets/model-Cts8quCN.js                         9.21 kB │ gzip:  3.17 kB
dist/assets/protocol-values-D4L8dl7p.js               9.68 kB │ gzip:  3.65 kB
dist/assets/SessionControlBar-BPOwzk-q.js            10.03 kB │ gzip:  2.95 kB
dist/assets/yaml-rwi0_p6S.js                         10.49 kB │ gzip:  2.26 kB
dist/assets/src-CuD1MmZA.js                          14.42 kB │ gzip:  4.41 kB
dist/assets/rust-Cfkwpbl8.js                         15.06 kB │ gzip:  2.71 kB
dist/assets/lib-BjSpPGYi.js                          18.33 kB │ gzip:  6.21 kB
dist/assets/SessionSidebar-cAhvZ-WU.js               22.93 kB │ gzip:  6.80 kB
dist/assets/sql-BsFa4tDR.js                          23.42 kB │ gzip:  7.45 kB
dist/assets/java-BXcb2rRD.js                         27.21 kB │ gzip:  4.25 kB
dist/assets/ModelManagementSettings-B1oINBGG.js      34.42 kB │ gzip:  9.91 kB
dist/assets/shellscript-CLZ0U2zV.js                  41.47 kB │ gzip:  6.07 kB
dist/assets/go-rLFTqkRN.js                           46.81 kB │ gzip:  5.14 kB
dist/assets/css-BsVw1vtW.js                          49.03 kB │ gzip: 11.90 kB
dist/assets/markdown-BYOwaDjH.js                     59.32 kB │ gzip:  5.66 kB
dist/assets/python-gzcpVVnB.js                       69.94 kB │ gzip:  9.09 kB
dist/assets/c-DaO8xguW.js                            72.10 kB │ gzip: 10.49 kB
dist/assets/index-HWSmQV3G.js                       115.68 kB │ gzip: 33.91 kB
dist/assets/MarkdownBody-BJ4O0Qaw.js                137.23 kB │ gzip: 40.61 kB
dist/assets/CodeBlock-C-3cok_n.js                   151.34 kB │ gzip: 49.58 kB
dist/assets/typescript-bsJCZSQ-.js                  181.07 kB │ gzip: 16.23 kB
dist/assets/vendor-react-CbYonmBs.js                189.59 kB │ gzip: 59.61 kB
dist/assets/html-DcWEhjPT.js                        231.99 kB │ gzip: 28.39 kB

✓ built in 456ms
$ node scripts/verify-deployment.mjs
Verified deployment contract (360311 B initial JS, 67057 B initial CSS).
